2021/01/10 17:57:32 ファイルに書き込み
